// Jest Snapshot v1, https://goo.gl/fbAQLP

exports[`Moderation Snapshot should render view by default 1`] = `
<div
  className="container"
>
  <HelmetWrapper
    defer={true}
    encodeSpecialCharacters={true}
    title="Linkedevents - Moderoi sisältöjä"
  />
  <h1>
    <FormattedMessage
      id="moderation-page"
      values={Object {}}
    />
  </h1>
  <h2>
    <FormattedMessage
      id="moderation-page-draft-heading"
      values={Object {}}
    />
  </h2>
  <InjectIntl(EventTable)
    count={null}
    events={Array []}
    fetchComplete={true}
    handleInvalidRows={[Function]}
    handlePageChange={[Function]}
    handlePageSizeChange={[Function]}
    handleRowSelect={[Function]}
    handleSortChange={[Function]}
    invalidRows={Array []}
    pageSize={10}
    paginationPage={0}
    selectedRows={Array []}
    sortBy="last_modified_time"
    sortDirection="desc"
    tableCaption="table-event-moderation"
    tableColumns={
      Array [
        "checkbox",
        "name",
        "context",
        "publisher",
        "event_time",
        "last_modified_time",
        "validation",
      ]
    }
    tableName="draft"
    user={Object {}}
  />
  <h2>
    <FormattedMessage
      id="moderation-page-published-heading"
      values={Object {}}
    />
  </h2>
  <p>
    <FormattedMessage
      id="moderation-page-published-description"
      values={Object {}}
    />
  </p>
  <InjectIntl(EventTable)
    count={null}
    events={Array []}
    fetchComplete={true}
    handleInvalidRows={[Function]}
    handlePageChange={[Function]}
    handlePageSizeChange={[Function]}
    handleRowSelect={[Function]}
    handleSortChange={[Function]}
    pageSize={10}
    paginationPage={0}
    sortBy="date_published"
    sortDirection="desc"
    tableCaption="table-event-published"
    tableColumns={
      Array [
        "name",
        "context",
        "publisher",
        "event_time",
        "date_published",
      ]
    }
    tableName="published"
    user={Object {}}
  />
</div>
`;

exports[`Moderation Snapshot should render view correctly 1`] = `
<div
  className="container"
>
  <h1>
    <span>
      Moderoi sisältöjä
    </span>
  </h1>
  <h2>
    <span>
      Odottaa hyväksyntää
    </span>
  </h2>
  <strong>
    <span>
      Ei sisältöjä, joita näyttää.
    </span>
  </strong>
  <h2>
    <span>
      Julkaistut sisällöt
    </span>
  </h2>
  <p>
    <span>
      Jos julkaisit tapahtumaehdotuksen valmiin kattotapahtuman alle, sitä ei näytetä tässä näkymässä.
    </span>
  </p>
  <strong>
    <span>
      Ei sisältöjä, joita näyttää.
    </span>
  </strong>
</div>
`;
